
> icfes-app@0.1.0 build
> next build

  ▲ Next.js 14.2.22
  - Environments: .env.local

   Creating an optimized production build ...
 ✓ (pwa) Compiling for server...
 ✓ (pwa) Compiling for server...
 ✓ (pwa) Compiling for client (static)...
 ○ (pwa) Service worker: C:\Users\Admin\Desktop\labiblioteca\public\sw.js
 ○ (pwa)   URL: /sw.js
 ○ (pwa)   Scope: /
Failed to compile.

./src/components/viewer/pdf-viewer.tsx
Module not found: Can't resolve '@react-pdf-viewer/core'

https://nextjs.org/docs/messages/module-not-found

Import trace for requested module:
./src/app/viewer/[id]/page.tsx

./src/components/viewer/pdf-viewer.tsx
Module not found: Can't resolve '@react-pdf-viewer/default-layout'

https://nextjs.org/docs/messages/module-not-found

Import trace for requested module:
./src/app/viewer/[id]/page.tsx

./src/components/viewer/pdf-viewer.tsx
Module not found: Can't resolve '@react-pdf-viewer/core/lib/styles/index.css'

https://nextjs.org/docs/messages/module-not-found

Import trace for requested module:
./src/app/viewer/[id]/page.tsx

./src/components/viewer/pdf-viewer.tsx
Module not found: Can't resolve '@react-pdf-viewer/default-layout/lib/styles/index.css'

https://nextjs.org/docs/messages/module-not-found

Import trace for requested module:
./src/app/viewer/[id]/page.tsx


> Build failed because of webpack errors
